
Allocating common symbols
Common symbol       size              file

netbufpool          0x4               binaries/net.o
readylist           0x2               binaries/ready.o
rfltab              0x5a0             binaries/rflinit.o
sleepq              0x2               binaries/clkinit.o
nnames              0x4               binaries/naminit.o
udptab              0x168             binaries/udp.o
minheap             0x4               binaries/meminit.o
marks               0x50              binaries/mark.o
currpid             0x4               binaries/initialize.o
Lf_data             0x20c             binaries/lfsinit.o
porttab             0x2d0             binaries/ptinit.o
girmask             0x2               binaries/evec.o
ttytab              0x10c             binaries/ttyinit.o
proctab             0x1f40            binaries/initialize.o
prcount             0x4               binaries/initialize.o
sendqueuebeg        0x2               binaries/initialize.o
lfltab              0xf00             binaries/lflinit.o
rdstab              0x8c              binaries/rdsinit.o
ethertab            0x138             binaries/ethinit.o
NetData             0xa8              binaries/net.o
nmarks              0x4               binaries/mark.o
Defer               0x8               binaries/resched.o
semtab              0x4b0             binaries/initialize.o
maxheap             0x4               binaries/meminit.o
preempt             0x4               binaries/clkinit.o
buftab              0xf0              binaries/bufinit.o
Rf_data             0x18              binaries/rfsinit.o
mkmutex             0x4               binaries/mark.o
clktime             0x4               binaries/clkinit.o
arpcache            0x140             binaries/arp.o
icmptab             0x230             binaries/icmp.o
nbpools             0x4               binaries/bufinit.o
queuetab            0xfc0             binaries/queue.o
ptnextid            0x4               binaries/ptinit.o
Ram                 0x19000           binaries/raminit.o
ipoqueue            0x2c              binaries/ip.o
memlist             0x8               binaries/initialize.o
nametab             0x19a0            binaries/naminit.o
ptfree              0x4               binaries/ptinit.o

Discarded input sections

 .group         0x0000000000000000        0x8 binaries/ascdate.o
 .group         0x0000000000000000        0x8 binaries/bufinit.o
 .group         0x0000000000000000        0x8 binaries/cbhandler.o
 .group         0x0000000000000000        0x8 binaries/cbreg.o
 .text.__x86.get_pc_thunk.bx
                0x0000000000000000        0x4 binaries/cbreg.o
 .group         0x0000000000000000        0x8 binaries/chprio.o
 .text.__x86.get_pc_thunk.bx
                0x0000000000000000        0x4 binaries/chprio.o
 .group         0x0000000000000000        0x8 binaries/clkhandler.o
 .text.__x86.get_pc_thunk.bx
                0x0000000000000000        0x4 binaries/clkhandler.o
 .group         0x0000000000000000        0x8 binaries/clkinit.o
 .text.__x86.get_pc_thunk.bx
                0x0000000000000000        0x4 binaries/clkinit.o
 .group         0x0000000000000000        0x8 binaries/close.o
 .text.__x86.get_pc_thunk.bx
                0x0000000000000000        0x4 binaries/close.o
 .group         0x0000000000000000        0x8 binaries/control.o
 .text.__x86.get_pc_thunk.bx
                0x0000000000000000        0x4 binaries/control.o
 .group         0x0000000000000000        0x8 binaries/create.o
 .text.__x86.get_pc_thunk.bx
                0x0000000000000000        0x4 binaries/create.o
 .group         0x0000000000000000        0x8 binaries/early_imr.o
 .text.__x86.get_pc_thunk.bx
                0x0000000000000000        0x4 binaries/early_imr.o
 .group         0x0000000000000000        0x8 binaries/evec.o
 .text.__x86.get_pc_thunk.bx
                0x0000000000000000        0x4 binaries/evec.o
 .group         0x0000000000000000        0x8 binaries/freebuf.o
 .text.__x86.get_pc_thunk.bx
                0x0000000000000000        0x4 binaries/freebuf.o
 .group         0x0000000000000000        0x8 binaries/freemem.o
 .text.__x86.get_pc_thunk.bx
                0x0000000000000000        0x4 binaries/freemem.o
 .group         0x0000000000000000        0x8 binaries/getbuf.o
 .text.__x86.get_pc_thunk.bx
                0x0000000000000000        0x4 binaries/getbuf.o
 .group         0x0000000000000000        0x8 binaries/getc.o
 .text.__x86.get_pc_thunk.bx
                0x0000000000000000        0x4 binaries/getc.o
 .group         0x0000000000000000        0x8 binaries/getdev.o
 .text.__x86.get_pc_thunk.bx
                0x0000000000000000        0x4 binaries/getdev.o
 .group         0x0000000000000000        0x8 binaries/getitem.o
 .group         0x0000000000000000        0x8 binaries/getitem.o
 .text.__x86.get_pc_thunk.ax
                0x0000000000000000        0x4 binaries/getitem.o
 .group         0x0000000000000000        0x8 binaries/getmem.o
[...]
Memory Configuration

Name             Origin             Length             Attributes
*default*        0x0000000000000000 0xffffffffffffffff

Linker script and memory map

                0x0000000000100000                physbase = 0x100000
                0x0000000000100000                . = physbase
                0x0000000000100000                . = ALIGN (0x1000)

.text           0x0000000000100000    0x16000
                0x0000000000100000                text = ABSOLUTE (.)
 *(.text .text.*)
 .text          0x0000000000100000      0x1a8 binaries/start.o
                0x0000000000100024                start
                0x00000000001000f6                inb
                0x00000000001000fe                inw
                0x0000000000100107                inl
                0x000000000010010f                outb
                0x0000000000100119                outw
                0x0000000000100124                outl
                0x000000000010012e                _rtcin
                0x0000000000100139                ___udivsi3
                0x0000000000100144                ___divsi3
                0x0000000000100150                sbzero
                0x0000000000100160                bcopy
                0x0000000000100174                insw
                0x000000000010018a                outsw
                0x00000000001001a0                lidt
 .text          0x00000000001001a8      0x2e5 binaries/ascdate.o
                0x00000000001001a8                ascdate
 .text.__x86.get_pc_thunk.bx
                0x000000000010048d        0x4 binaries/ascdate.o
                0x000000000010048d                __x86.get_pc_thunk.bx
 .text          0x0000000000100491       0x1c binaries/bufinit.o
                0x0000000000100491                bufinit
 .text.__x86.get_pc_thunk.ax
                0x00000000001004ad        0x4 binaries/bufinit.o
                0x00000000001004ad                __x86.get_pc_thunk.ax
 .text          0x00000000001004b1       0x61 binaries/cbhandler.o
                0x00000000001004b1                cbhandler
 .text.__x86.get_pc_thunk.si
                0x0000000000100512        0x4 binaries/cbhandler.o
                0x0000000000100512                __x86.get_pc_thunk.si
 .text          0x0000000000100516       0x82 binaries/cbreg.o
                0x0000000000100516                cbreg
 .text          0x0000000000100598       0x81 binaries/chprio.o
                0x0000000000100598                chprio
 .text          0x0000000000100619       0x8f binaries/clkhandler.o
                0x0000000000100619                clkhandler
 .text          0x00000000001006a8       0x6e binaries/clkinit.o
                0x00000000001006a8                clkinit
 .text          0x0000000000100716       0x5c binaries/close.o
                0x0000000000100716                close
 .text          0x0000000000100772        0x0 binaries/conf.o
 .text          0x0000000000100772       0x65 binaries/control.o
                0x0000000000100772                control
 .text          0x00000000001007d7      0x24f binaries/create.o
                0x00000000001007d7                create
 .text          0x0000000000100a26      0x23b binaries/early_imr.o
                0x0000000000100a26                intel_cln_early_sb_read_reg
                0x0000000000100a8d                intel_cln_early_sb_write_reg
                0x0000000000100b4c                remove_irm_protections
 .text          0x0000000000100c61      0x36d binaries/evec.o
                0x0000000000100c61                setirmask
                0x0000000000100cb2                set_evec
                0x0000000000100d26                initevec
                0x0000000000100e07                trap
 .text          0x0000000000100fce       0x91 binaries/freebuf.o
                0x0000000000100fce                freebuf
 .text          0x000000000010105f      0x123 binaries/freemem.o
                0x000000000010105f                freemem
 .text          0x0000000000101182       0x75 binaries/getbuf.o
                0x0000000000101182                getbuf
 .text          0x00000000001011f7       0x5c binaries/getc.o
                0x00000000001011f7                getc
 .text          0x0000000000101253       0x79 binaries/getdev.o
                0x0000000000101253                getdev
 .text          0x00000000001012cc       0x96 binaries/getitem.o
                0x00000000001012cc                getitem
                0x00000000001012ff                getfirst
                0x000000000010132f                getlast
 .text.__x86.get_pc_thunk.dx
                0x0000000000101362        0x4 binaries/getitem.o
                0x0000000000101362                __x86.get_pc_thunk.dx
 .text          0x0000000000101366       0xce binaries/getmem.o
                0x0000000000101366                getmem
 .text          0x0000000000101434       0x13 binaries/getpid.o
                0x0000000000101434                getpid
 .text          0x0000000000101447       0x68 binaries/getprio.o
                0x0000000000101447                getprio
 .text          0x00000000001014af       0xc0 binaries/getstk.o
                0x00000000001014af                getstk
 .text          0x000000000010156f       0x41 binaries/gettime.o
                0x000000000010156f                gettime
 .text          0x00000000001015b0      0x1cf binaries/getutime.o
                0x00000000001015b0                getutime
 .text          0x000000000010177f       0x5c binaries/init.o
                0x000000000010177f                init
 .text          0x00000000001017db      0x28c binaries/initialize.o
                0x00000000001017db                nulluser
                0x0000000000101a12                stop
                0x0000000000101a44                delay
 .text          0x0000000000101a67       0x95 binaries/insert.o
                0x0000000000101a67                insert
 .text.__x86.get_pc_thunk.di
                0x0000000000101afc        0x4 binaries/insert.o
                0x0000000000101afc                __x86.get_pc_thunk.di
 .text          0x0000000000101b00       0xf4 binaries/insertd.o
                0x0000000000101b00                insertd
 .text          0x0000000000101bf4        0x6 binaries/ioerr.o
                0x0000000000101bf4                ioerr
 .text          0x0000000000101bfa        0x6 binaries/ionull.o
                0x0000000000101bfa                ionull
 .text          0x0000000000101c00      0x17b binaries/kill.o
                0x0000000000101c00                kill
 .text          0x0000000000101d7b       0xe2 binaries/kprintf.o
                0x0000000000101d7b                kputc
                0x0000000000101db9                console_init
                0x0000000000101dfd                kgetc
                0x0000000000101e2c                kprintf
 .text          0x0000000000101e5d      0x14f binaries/main.o
                0x0000000000101e5d                mrecv_cb
                0x0000000000101e82                testsender
                0x0000000000101eb0                slugreceiver
                0x0000000000101f01                main
 .text          0x0000000000101fac       0xb3 binaries/mark.o
                0x0000000000101fac                markinit
                0x0000000000101fdb                mark
 .text          0x000000000010205f      0x22c binaries/meminit.o
                0x000000000010205f                meminit
                0x0000000000102205                setsegs
 .text          0x000000000010228b      0x14a binaries/mkbufpool.o
                0x000000000010228b                mkbufpool
 .text          0x00000000001023d5       0x5e binaries/newqueue.o
                0x00000000001023d5                newqueue
 .text.__x86.get_pc_thunk.cx
                0x0000000000102433        0x4 binaries/newqueue.o
                0x0000000000102433                __x86.get_pc_thunk.cx
 .text          0x0000000000102437       0x64 binaries/open.o
                0x0000000000102437                open
 .text          0x000000000010249b       0x2c binaries/panic.o
                0x000000000010249b                panic
 .text          0x00000000001024c7      0x280 binaries/pci.o
                0x00000000001024c7                pci_init
                0x00000000001024cd                find_pci_device
                0x000000000010258f                pci_read_config_byte
                0x00000000001025cc                pci_read_config_word
                0x000000000010260b                pci_read_config_dword
                0x0000000000102648                pci_write_config_byte
                0x0000000000102683                pci_write_config_word
                0x00000000001026bf                pci_write_config_dword
                0x00000000001026fa                pci_get_dev_mmio_base_addr
 .text          0x0000000000102747       0x68 binaries/platinit.o
                0x0000000000102747                platinit
 .text          0x00000000001027af       0x99 binaries/popsndqueue.o
                0x00000000001027af                popsndqueue
 .text          0x0000000000102848       0xab binaries/ptclear.o
                0x0000000000102848                _ptclear
 .text          0x00000000001028f3       0x9f binaries/ptcount.o
                0x00000000001028f3                ptcount
 .text          0x0000000000102992       0xf4 binaries/ptcreate.o
                0x0000000000102992                ptcreate
 .text          0x0000000000102a86       0x70 binaries/ptdelete.o
                0x0000000000102a86                ptdelete
 .text          0x0000000000102af6       0xa0 binaries/ptinit.o
                0x0000000000102af6                ptinit
 .text          0x0000000000102b96      0x123 binaries/ptrecv.o
                0x0000000000102b96                ptrecv
 .text          0x0000000000102cb9       0x68 binaries/ptreset.o
                0x0000000000102cb9                ptreset
 .text          0x0000000000102d21      0x15c binaries/ptsend.o
                0x0000000000102d21                ptsend
 .text          0x0000000000102e7d       0x6e binaries/putc.o
                0x0000000000102e7d                putc
 .text          0x0000000000102eeb       0xc3 binaries/quark_irq.o
                0x0000000000102eeb                quark_irq_routing
 .text          0x0000000000102fae      0x1bb binaries/quark_pdat.o
                0x0000000000102fae                get_quark_pdat_entry_data_by_id
                0x0000000000103087                get_quark_pdat_entry_data_by_desc
 .text          0x0000000000103169      0x11d binaries/queue.o
                0x0000000000103169                enqueue
                0x00000000001031d1                dequeue
                0x000000000010322c                clear
 .text          0x0000000000103286       0x64 binaries/read.o
                0x0000000000103286                read
 .text          0x00000000001032ea       0x73 binaries/ready.o
                0x00000000001032ea                ready
 .text          0x000000000010335d       0x6d binaries/receive.o
                0x000000000010335d                receive
 .text          0x00000000001033ca       0x5c binaries/recvclr.o
                0x00000000001033ca                recvclr
 .text          0x0000000000103426       0xc2 binaries/recvtime.o
                0x0000000000103426                recvtime
 .text          0x00000000001034e8      0x174 binaries/resched.o
                0x00000000001034e8                resched
                0x00000000001035cf                resched_cntl
 .text          0x000000000010365c       0x8f binaries/resume.o
                0x000000000010365c                resume
 .text          0x00000000001036eb       0x60 binaries/seek.o
                0x00000000001036eb                seek
 .text          0x000000000010374b       0x65 binaries/semcount.o
                0x000000000010374b                semcount
 .text          0x00000000001037b0       0xb5 binaries/semcreate.o
                0x00000000001037b0                semcreate
 .text          0x0000000000103865       0xe0 binaries/semdelete.o
                0x0000000000103865                semdelete
 .text          0x0000000000103945       0xc0 binaries/semreset.o
                0x0000000000103945                semreset
 .text          0x0000000000103a05      0x11c binaries/sendblk.o
                0x0000000000103a05                sendblk
 .text          0x0000000000103b21       0xc5 binaries/send.o
                0x0000000000103b21                send
 .text          0x0000000000103be6       0xa9 binaries/signal.o
                0x0000000000103be6                signal
 .text          0x0000000000103c8f       0xe9 binaries/signaln.o
                0x0000000000103c8f                signaln
 .text          0x0000000000103d78       0xd4 binaries/sleep.o
                0x0000000000103d78                sleepms
                0x0000000000103e16                sleep
 .text          0x0000000000103e4c       0xc2 binaries/suspend.o
                0x0000000000103e4c                suspend
 .text          0x0000000000103f0e       0x9c binaries/unsleep.o
                0x0000000000103f0e                unsleep
 .text          0x0000000000103faa       0x22 binaries/userret.o
                0x0000000000103faa                userret
 .text          0x0000000000103fcc       0xc3 binaries/wait.o
                0x0000000000103fcc                wait
 .text          0x000000000010408f       0x88 binaries/wakeup.o
                0x000000000010408f                wakeup
 .text          0x0000000000104117       0x64 binaries/write.o
                0x0000000000104117                write
 .text          0x000000000010417b       0x25 binaries/xdone.o
                0x000000000010417b                xdone
 .text          0x00000000001041a0       0x30 binaries/yield.o
                0x00000000001041a0                yield
 .text          0x00000000001041d0        0xe binaries/abs.o
                0x00000000001041d0                abs
 .text          0x00000000001041de       0x60 binaries/atoi.o
                0x00000000001041de                atoi
 .text          0x000000000010423e       0x60 binaries/atol.o
                0x000000000010423e                atol
 .text          0x000000000010429e       0x18 binaries/bzero.o
                0x000000000010429e                bzero
 .text          0x00000000001042b6        0x0 binaries/ctype_.o
 .text          0x00000000001042b6      0x83f binaries/doprnt.o
                0x000000000010442c                _doprnt
 .text          0x0000000000104af5      0x776 binaries/doscan.o
                0x0000000000104af5                _doscan
 .text          0x000000000010526b      0x7a9 binaries/fdoprnt.o
                0x00000000001052f1                _fdoprnt
 .text          0x0000000000105a14       0x2b binaries/fgetc.o
                0x0000000000105a14                fgetc
 .text          0x0000000000105a3f       0x68 binaries/fgets.o
                0x0000000000105a3f                fgets
 .text          0x0000000000105aa7       0x31 binaries/fprintf.o
                0x0000000000105aa7                fprintf
 .text          0x0000000000105ad8       0x36 binaries/fputc.o
                0x0000000000105ad8                fputc
 .text          0x0000000000105b0e       0x45 binaries/fputs.o
                0x0000000000105b0e                fputs
 .text          0x0000000000105b53       0x88 binaries/fscanf.o
                0x0000000000105b9a                fscanf
 .text          0x0000000000105bdb       0x32 binaries/getchar.o
                0x0000000000105bdb                getchar
 .text          0x0000000000105c0d        0xe binaries/labs.o
                0x0000000000105c0d                labs
 .text          0x0000000000105c1b       0x34 binaries/memchr.o
                0x0000000000105c1b                memchr
 .text          0x0000000000105c4f       0x47 binaries/memcmp.o
                0x0000000000105c4f                memcmp
 .text          0x0000000000105c96       0x25 binaries/memcpy.o
                0x0000000000105c96                memcpy
 .text          0x0000000000105cbb       0x1e binaries/memset.o
                0x0000000000105cbb                memset
 .text          0x0000000000105cd9       0x46 binaries/printf.o
                0x0000000000105cd9                printf
 .text          0x0000000000105d1f       0x36 binaries/putchar.o
                0x0000000000105d1f                putchar
 .text          0x0000000000105d55      0x22b binaries/qsort.o
                0x0000000000105f48                qsort
 .text.__x86.get_pc_thunk.bp
                0x0000000000105f80        0x4 binaries/qsort.o
                0x0000000000105f80                __x86.get_pc_thunk.bp
 .text          0x0000000000105f84       0x3e binaries/rand.o
                0x0000000000105f84                srand
                0x0000000000105f99                rand
 .text          0x0000000000105fc2       0x58 binaries/sprintf.o
                0x0000000000105fd9                sprintf
 .text          0x000000000010601a       0x68 binaries/sscanf.o
                0x0000000000106043                sscanf
 .text          0x0000000000106082       0x2f binaries/strchr.o
                0x0000000000106082                strchr
 .text          0x00000000001060b1       0x41 binaries/strcmp.o
                0x00000000001060b1                strcmp
 .text          0x00000000001060f2       0x1a binaries/strcpy.o
                0x00000000001060f2                strcpy
 .text          0x000000000010610c       0x1c binaries/strlen.o
                0x000000000010610c                strlen
 .text          0x0000000000106128       0x3a binaries/strncat.o
                0x0000000000106128                strncat
 .text          0x0000000000106162       0x36 binaries/strncmp.o
                0x0000000000106162                strncmp
 .text          0x0000000000106198       0x57 binaries/strncpy.o
                0x0000000000106198                strncpy
 .text          0x00000000001061ef       0x2e binaries/strnlen.o
                0x00000000001061ef                strnlen
 .text          0x000000000010621d       0x34 binaries/strrchr.o
                0x000000000010621d                strrchr
 .text          0x0000000000106251       0x75 binaries/strstr.o
                0x0000000000106251                strstr
 .text          0x00000000001062c6      0x164 binaries/ttycontrol.o
                0x00000000001062c6                ttycontrol
 .text          0x000000000010642a       0xda binaries/ttygetc.o
                0x000000000010642a                ttygetc
 .text          0x0000000000106504      0x4f5 binaries/ttyhandle_in.o
                0x00000000001065c4                ttyhandle_in
 .text          0x00000000001069f9      0x181 binaries/ttyhandle_out.o
                0x00000000001069f9                ttyhandle_out
 .text          0x0000000000106b7a       0x93 binaries/ttyhandler.o
                0x0000000000106b7a                ttyhandler
 .text          0x0000000000106c0d      0x17a binaries/ttyinit.o
                0x0000000000106c0d                ttyinit
 .text          0x0000000000106d87        0xc binaries/ttykickout.o
                0x0000000000106d87                ttykickout
 .text          0x0000000000106d93       0xf0 binaries/ttyputc.o
                0x0000000000106d93                ttyputc
 .text          0x0000000000106e83      0x143 binaries/ttyread.o
                0x0000000000106e83                ttyread
 .text          0x0000000000106fc6       0x59 binaries/ttywrite.o
                0x0000000000106fc6                ttywrite
 .text          0x000000000010701f      0x152 binaries/mount.o
                0x000000000010701f                namlen
                0x0000000000107055                mount
 .text          0x0000000000107171      0x1f2 binaries/naminit.o
                0x0000000000107171                naminit
 .text          0x0000000000107363      0x231 binaries/nammap.o
                0x0000000000107363                namrepl
                0x00000000001074a0                namcpy
                0x00000000001074eb                nammap
 .text          0x0000000000107594       0x5b binaries/namopen.o
                0x0000000000107594                namopen
 .text          0x00000000001075ef       0xfc binaries/colon2mac.o
                0x00000000001075ef                colon2mac
 .text          0x00000000001076eb       0x8d binaries/ethcontrol.o
                0x00000000001076eb                ethcontrol
 .text          0x0000000000107778      0x1bc binaries/ethhandler.o
                0x0000000000107778                ethhandler
 .text          0x0000000000107934      0x573 binaries/ethinit.o
                0x0000000000107934                eth_phy_read
                0x000000000010796f                eth_phy_write
                0x00000000001079ad                eth_phy_reset
                0x0000000000107a82                ethinit
 .text          0x0000000000107ea7      0x10d binaries/ethmcast.o
                0x0000000000107ea7                ethmcast_add
                0x0000000000107efb                ethmcast_remove
 .text          0x0000000000107fb4      0x1d8 binaries/ethread.o
                0x0000000000107fb4                ethread
 .text          0x000000000010818c       0xdf binaries/ethwrite.o
                0x000000000010818c                ethwrite
 .text          0x000000000010826b       0x73 binaries/rdsbufalloc.o
                0x000000000010826b                rdsbufalloc
 .text          0x00000000001082de       0xb7 binaries/rdsclose.o
                0x00000000001082de                rdsclose
 .text          0x0000000000108395      0x22d binaries/rdscomm.o
                0x0000000000108395                rdscomm
 .text          0x00000000001085c2      0x1d8 binaries/rdscontrol.o
                0x00000000001085c2                rdscontrol
 .text          0x000000000010879a      0x201 binaries/rdsinit.o
                0x000000000010879a                rdsinit
 .text          0x000000000010899b      0x1a4 binaries/rdsopen.o
                0x000000000010899b                rdsopen
 .text          0x0000000000108b3f      0x2e5 binaries/rdsprocess.o
                0x0000000000108b3f                rdsprocess
 .text          0x0000000000108e24      0x209 binaries/rdsread.o
                0x0000000000108e24                rdsread
 .text          0x000000000010902d      0x1b3 binaries/rdswrite.o
                0x000000000010902d                rdswrite
 .text          0x00000000001091e0        0x6 binaries/ramclose.o
                0x00000000001091e0                ramclose
 .text          0x00000000001091e6       0x42 binaries/raminit.o
                0x00000000001091e6                raminit
 .text          0x0000000000109228        0x7 binaries/ramopen.o
                0x0000000000109228                ramopen
 .text          0x000000000010922f       0x35 binaries/ramread.o
                0x000000000010922f                ramread
 .text          0x0000000000109264       0x35 binaries/ramwrite.o
                0x0000000000109264                ramwrite
 .text          0x0000000000109299       0xa3 binaries/lfdballoc.o
                0x0000000000109299                lfdballoc
 .text          0x000000000010933c       0x5c binaries/lfdbfree.o
                0x000000000010933c                lfdbfree
 .text          0x0000000000109398       0xb5 binaries/lfflush.o
                0x0000000000109398                lfflush
 .text          0x000000000010944d       0x74 binaries/lfgetmode.o
                0x000000000010944d                lfgetmode
 .text          0x00000000001094c1       0x70 binaries/lfiballoc.o
                0x00000000001094c1                lfiballoc
 .text          0x0000000000109531       0x25 binaries/lfibclear.o
                0x0000000000109531                lfibclear
 .text          0x0000000000109556       0x8f binaries/lfibget.o
                0x0000000000109556                lfibget
 .text          0x00000000001095e5       0xa8 binaries/lfibput.o
                0x00000000001095e5                lfibput
 .text          0x000000000010968d       0xc1 binaries/lflclose.o
                0x000000000010968d                lflclose
 .text          0x000000000010974e       0xdb binaries/lflcontrol.o
                0x000000000010974e                lflcontrol
 .text          0x0000000000109829      0x118 binaries/lflgetc.o
                0x0000000000109829                lflgetc
 .text          0x0000000000109941       0xf6 binaries/lflinit.o
                0x0000000000109941                lflinit
 .text          0x0000000000109a37      0x150 binaries/lflputc.o
                0x0000000000109a37                lflputc
 .text          0x0000000000109b87       0x77 binaries/lflread.o
                0x0000000000109b87                lflread
 .text          0x0000000000109bfe       0xda binaries/lflseek.o
                0x0000000000109bfe                lflseek
 .text          0x0000000000109cd8       0x65 binaries/lflwrite.o
                0x0000000000109cd8                lflwrite
 .text          0x0000000000109d3d      0x14f binaries/lfsckfmt.o
                0x0000000000109d3d                lfsckfmt
 .text          0x0000000000109e8c      0x1d3 binaries/lfscreate.o
                0x0000000000109e8c                lfscreate
 .text          0x000000000010a05f      0x1f7 binaries/lfsetup.o
                0x000000000010a05f                lfsetup
 .text          0x000000000010a256       0x52 binaries/lfsinit.o
                0x000000000010a256                lfsinit
 .text          0x000000000010a2a8      0x33f binaries/lfsopen.o
                0x000000000010a2a8                lfsopen
 .text          0x000000000010a5e7      0x151 binaries/lftruncate.o
                0x000000000010a5e7                lftruncate
 .text          0x000000000010a738       0x83 binaries/rflclose.o
                0x000000000010a738                rflclose
 .text          0x000000000010a7bb       0x38 binaries/rflgetc.o
                0x000000000010a7bb                rflgetc
 .text          0x000000000010a7f3       0x80 binaries/rflinit.o
                0x000000000010a7f3                rflinit
 .text          0x000000000010a873       0x3b binaries/rflputc.o
                0x000000000010a873                rflputc
 .text          0x000000000010a8ae      0x33b binaries/rflread.o
                0x000000000010a8ae                rflread
 .text          0x000000000010abe9       0x87 binaries/rflseek.o
                0x000000000010abe9                rflseek
 .text          0x000000000010ac70      0x360 binaries/rflwrite.o
                0x000000000010ac70                rflwrite
 .text          0x000000000010afd0      0x1a6 binaries/rfscomm.o
                0x000000000010afd0                rfscomm
 .text          0x000000000010b176      0x27f binaries/rfscontrol.o
                0x000000000010b176                rfscontrol
 .text          0x000000000010b3f5       0x74 binaries/rfsgetmode.o
                0x000000000010b3f5                rfsgetmode
 .text          0x000000000010b469       0x98 binaries/rfsinit.o
                0x000000000010b469                rfsinit
 .text          0x000000000010b501       0xca binaries/rfsndmsg.o
                0x000000000010b501                rfsndmsg
 .text          0x000000000010b5cb      0x286 binaries/rfsopen.o
                0x000000000010b5cb                rfsopen
 .text          0x000000000010b851      0x6c0 binaries/arp.o
                0x000000000010b851                arp_init
                0x000000000010b878                arp_alloc
                0x000000000010b929                arp_ntoh
                0x000000000010b993                arp_hton
                0x000000000010b9fd                arp_resolve
                0x000000000010bca2                arp_in
 .text          0x000000000010bf11      0x5ea binaries/dhcp.o
                0x000000000010bf11                dhcp_get_opt_val
                0x000000000010bf62                dhcp_bld_bootp_msg
                0x000000000010c040                dhcp_bld_disc
                0x000000000010c090                dhcp_bld_req
                0x000000000010c136                getlocalip
 .text          0x000000000010c4fb       0xc6 binaries/dot2ip.o
                0x000000000010c4fb                dot2ip
 .text          0x000000000010c5c1      0x3cf binaries/hexdump.o
                0x000000000010c5c1                hexdump
                0x000000000010c753                hexadump
 .text          0x000000000010c990      0x778 binaries/icmp.o
                0x000000000010c990                icmp_init
                0x000000000010c9b4                icmp_register
                0x000000000010ca68                icmp_recv
                0x000000000010cc23                icmp_mkpkt
                0x000000000010cd1a                icmp_in
                0x000000000010cec0                icmp_send
                0x000000000010cf43                icmp_release
                0x000000000010d086                icmp_cksum
                0x000000000010d0e0                icmp_hton
                0x000000000010d0f4                icmp_ntoh
 .text          0x000000000010d108      0x648 binaries/ip.o
                0x000000000010d108                ip_local
                0x000000000010d155                ipcksum
                0x000000000010d1a3                ip_ntoh
                0x000000000010d20d                ip_in
                0x000000000010d356                ip_hton
                0x000000000010d3c0                ip_out
                0x000000000010d480                ip_send
                0x000000000010d5aa                ipout
                0x000000000010d6ad                ip_enqueue
 .text          0x000000000010d750      0x1cc binaries/net.o
                0x000000000010d750                net_init
                0x000000000010d85e                eth_hton
                0x000000000010d868                eth_ntoh
                0x000000000010d872                netin
 .text          0x000000000010d91c       0xd9 binaries/netstart.o
                0x000000000010d91c                netstart
 .text          0x000000000010d9f5      0xae9 binaries/pdump.o
                0x000000000010d9f5                pdump
                0x000000000010e032                pdumph
 .text          0x000000000010e4de      0x5ff binaries/tftp.o
                0x000000000010e4de                tftp_send1
                0x000000000010e600                tftpget_mb
                0x000000000010eab6                tftpget
 .text          0x000000000010eadd      0xa9c binaries/udp.o
                0x000000000010eadd                udp_init
                0x000000000010eb20                udp_in
                0x000000000010ec3c                udp_register
                0x000000000010ed57                udp_recv
                0x000000000010eefc                udp_recvaddr
                0x000000000010f0b5                udp_send
                0x000000000010f282                udp_sendto
                0x000000000010f40e                udp_release
                0x000000000010f551                udp_ntoh
                0x000000000010f565                udp_hton
 .text          0x000000000010f579      0x13e binaries/addargs.o
                0x000000000010f579                addargs
 .text          0x000000000010f6b7      0x234 binaries/lexan.o
                0x000000000010f6b7                lexan
 .text          0x000000000010f8eb      0x63f binaries/shell.o
                0x000000000010f8eb                shell
 .text          0x000000000010ff2a       0x6e binaries/xsh_argecho.o
                0x000000000010ff2a                xsh_argecho
 .text          0x000000000010ff98      0x244 binaries/xsh_arp.o
                0x000000000010ff98                xsh_arp
 .text          0x00000000001101dc      0x259 binaries/xsh_cat.o
                0x00000000001101dc                xsh_cat
 .text          0x0000000000110435       0x6a binaries/xsh_clear.o
                0x0000000000110435                xsh_clear
 .text          0x000000000011049f      0x2b9 binaries/xsh_date.o
                0x000000000011049f                xsh_date
 .text          0x0000000000110758       0xa4 binaries/xsh_devdump.o
                0x0000000000110758                xsh_devdump
 .text          0x00000000001107fc       0x77 binaries/xsh_echo.o
                0x00000000001107fc                xsh_echo
 .text          0x0000000000110873        0x6 binaries/xsh_exit.o
                0x0000000000110873                xsh_exit
 .text          0x0000000000110879      0x37e binaries/xsh_help.o
                0x0000000000110879                xsh_help
 .text          0x0000000000110bf7      0x386 binaries/xsh_ipaddr.o
                0x0000000000110bf7                xsh_ipaddr
 .text          0x0000000000110f7d      0x1f6 binaries/xsh_kill.o
                0x0000000000110f7d                xsh_kill
 .text          0x0000000000111173      0x430 binaries/xsh_memdump.o
                0x000000000011121d                xsh_memdump
 .text          0x00000000001115a3      0x221 binaries/xsh_memstat.o
                0x00000000001115a3                xsh_memstat
 .text          0x00000000001117c4      0x2ff binaries/xsh_ping.o
                0x00000000001117c4                xsh_ping
 .text          0x0000000000111ac3      0x1d6 binaries/xsh_ps.o
                0x0000000000111ac3                xsh_ps
 .text          0x0000000000111c99      0x1d7 binaries/xsh_sleep.o
                0x0000000000111c99                xsh_sleep
 .text          0x0000000000111e70      0x217 binaries/xsh_udpdump.o
                0x0000000000111e70                xsh_udpdump
 .text          0x0000000000112087      0x458 binaries/xsh_udpecho.o
                0x0000000000112087                xsh_udpecho
 .text          0x00000000001124df      0x29a binaries/xsh_udpeserver.o
                0x00000000001124df                xsh_udpeserver
 .text          0x0000000000112779      0x1f2 binaries/xsh_uptime.o
                0x0000000000112779                xsh_uptime
 .text          0x000000000011296b       0x13 binaries/clkdisp.o
                0x000000000011296b                clkdisp
 .text          0x000000000011297e       0x1e binaries/ctxswcb.o
 .text          0x000000000011299c       0x19 binaries/ctxsw.o
                0x000000000011299c                ctxsw
 .text          0x00000000001129b5      0x368 binaries/intr.o
                0x00000000001129b5                disable
                0x00000000001129be                restore
                0x00000000001129cc                enable
                0x00000000001129ce                pause
                0x00000000001129d5                halt
                0x00000000001129d8                spurious_irq7
                0x00000000001129dd                spurious_irq15
                0x00000000001129ec                _Xint0
                0x00000000001129f7                _Xint1
                0x0000000000112a02                _Xint2
                0x0000000000112a0d                _Xint3
                0x0000000000112a18                _Xint4
                0x0000000000112a23                _Xint5
                0x0000000000112a2e                _Xint6
                0x0000000000112a39                _Xint7
                0x0000000000112a44                _Xint8
                0x0000000000112a4f                _Xint9
                0x0000000000112a5a                _Xint10
                0x0000000000112a65                _Xint11
                0x0000000000112a73                _Xint12
                0x0000000000112a81                _Xint13
                0x0000000000112a8f                _Xint14
                0x0000000000112a9d                _Xint15
                0x0000000000112aab                _Xint16
                0x0000000000112ab9                _Xint17
                0x0000000000112ac7                _Xint18
                0x0000000000112ad5                _Xint19
                0x0000000000112ae3                _Xint20
                0x0000000000112af1                _Xint21
                0x0000000000112aff                _Xint22
                0x0000000000112b0d                _Xint23
                0x0000000000112b1b                _Xint24
                0x0000000000112b29                _Xint25
                0x0000000000112b37                _Xint26
                0x0000000000112b45                _Xint27
                0x0000000000112b53                _Xint28
                0x0000000000112b61                _Xint29
                0x0000000000112b6f                _Xint30
                0x0000000000112b7d                _Xint31
                0x0000000000112b8b                _Xint32
                0x0000000000112b99                _Xint33
                0x0000000000112ba7                _Xint34
                0x0000000000112bb5                _Xint35
                0x0000000000112bc3                _Xint36
                0x0000000000112bd1                _Xint37
                0x0000000000112bdf                _Xint38
                0x0000000000112bed                _Xint39
                0x0000000000112bfb                _Xint40
                0x0000000000112c09                _Xint41
                0x0000000000112c17                _Xint42
                0x0000000000112c25                _Xint43
                0x0000000000112c33                _Xint44
                0x0000000000112c41                _Xint45
                0x0000000000112c4f                _Xint46
                0x0000000000112c5d                defevec
 .text          0x0000000000112d1d        0xf binaries/ttydispatch.o
                0x0000000000112d1d                ttydispatch
 .text          0x0000000000112d2c       0x13 binaries/ethdispatch.o
                0x0000000000112d2c                ethdispatch
 *(.rodata .rodata.*)
 .rodata.str1.1
                0x0000000000112d3f       0x54 binaries/ascdate.o
 *fill*         0x0000000000112d93        0x1 
 .rodata.str1.4
                0x0000000000112d94       0x22 binaries/ascdate.o
 .rodata.str1.1
                0x0000000000112db6       0x5f binaries/conf.o
 *fill*         0x0000000000112e15        0x3 
 .rodata.str1.4
                0x0000000000112e18       0x4f binaries/early_imr.o
 *fill*         0x0000000000112e67        0x1 
 .rodata        0x0000000000112e68       0x33 binaries/early_imr.o
 .rodata.str1.1
                0x0000000000112e9b      0x20c binaries/evec.o
 *fill*         0x00000000001130a7        0x1 
 .rodata.str1.4
                0x00000000001130a8       0x23 binaries/evec.o
 .rodata.str1.1
                0x00000000001130cb        0xb binaries/getutime.o
 *fill*         0x00000000001130d6        0x2 
 .rodata.str1.4
                0x00000000001130d8       0x54 binaries/getutime.o
 .rodata.str1.1
                0x000000000011312c       0x63 binaries/initialize.o
                                         0x67 (size before relaxing)
 *fill*         0x000000000011318f        0x1 
 .rodata.str1.4
                0x0000000000113190       0xd4 binaries/initialize.o
 .rodata        0x0000000000113264       0x20 binaries/kill.o
 .rodata.str1.1
                0x0000000000113284       0x84 binaries/main.o
 .rodata.str1.4
                0x0000000000113308       0x23 binaries/meminit.o
 .rodata.str1.1
                0x000000000011332b       0x1b binaries/meminit.o
 .rodata.str1.1
                0x0000000000113346        0xf binaries/panic.o
 .rodata.str1.1
                0x0000000000113355       0x12 binaries/popsndqueue.o
 .rodata.str1.1
                0x0000000000113367       0x1c binaries/ptinit.o
 *fill*         0x0000000000113383        0x1 
 .rodata.str1.4
                0x0000000000113384       0x25 binaries/ptsend.o
 .rodata.str1.1
                0x00000000001133a9       0x22 binaries/quark_pdat.o
 *fill*         0x00000000001133cb        0x1 
 .rodata.str1.4
                0x00000000001133cc       0x27 binaries/xdone.o
 *fill*         0x00000000001133f3        0xd 
 .rodata        0x0000000000113400       0x81 binaries/ctype_.o
                0x0000000000113400                _ctype_
 .rodata.str1.1
                0x0000000000113481       0x29 binaries/doprnt.o
 *fill*         0x00000000001134aa        0x2 
 .rodata        0x00000000001134ac       0xc4 binaries/doprnt.o
 .rodata        0x0000000000113570       0x98 binaries/doscan.o
 .rodata.str1.1
                0x0000000000113608       0x29 binaries/fdoprnt.o
 .rodata        0x0000000000113608       0x84 binaries/fdoprnt.o
 .rodata        0x000000000011368c       0x20 binaries/ttycontrol.o
 .rodata.str1.4
                0x00000000001136ac       0x4c binaries/naminit.o
 .rodata.str1.1
                0x00000000001136f8       0x32 binaries/naminit.o
                                         0x35 (size before relaxing)
 .rodata.str1.1
                0x000000000011372a       0x15 binaries/ethinit.o
 *fill*         0x000000000011373f        0x1 
 .rodata.str1.4
                0x0000000000113740       0x2e binaries/ethinit.o
 *fill*         0x000000000011376e        0x2 
 .rodata.str1.4
                0x0000000000113770       0x2c binaries/rdsbufalloc.o
 .rodata.str1.4
                0x000000000011379c       0x76 binaries/rdscomm.o
 *fill*         0x0000000000113812        0x2 
 .rodata.str1.4
                0x0000000000113814       0x48 binaries/rdscontrol.o
 .rodata.str1.4
                0x000000000011385c       0x7e binaries/rdsinit.o
 .rodata.str1.1
                0x00000000001138da       0x18 binaries/rdsinit.o
 *fill*         0x00000000001138f2        0x2 
 .rodata.str1.4
                0x00000000001138f4       0x22 binaries/rdsopen.o
 *fill*         0x0000000000113916        0x2 
 .rodata.str1.4
                0x0000000000113918       0x4d binaries/rdsprocess.o
 .rodata.str1.1
                0x0000000000113965        0x9 binaries/raminit.o
 .rodata.str1.1
                0x000000000011396e       0x13 binaries/lfdballoc.o
 *fill*         0x0000000000113981        0x3 
 .rodata.str1.4
                0x0000000000113984       0x23 binaries/lfdballoc.o
 .rodata.str1.1
                0x00000000001139a7       0x14 binaries/lfiballoc.o
 *fill*         0x00000000001139bb        0x1 
 .rodata.str1.4
                0x00000000001139bc       0x23 binaries/lflcontrol.o
 .rodata.str1.1
                0x00000000001139df       0x64 binaries/lfsckfmt.o
 *fill*         0x0000000000113a43        0x1 
 .rodata.str1.4
                0x0000000000113a44       0x51 binaries/lfsckfmt.o
 *fill*         0x0000000000113a95        0x3 
 .rodata.str1.4
                0x0000000000113a98       0x21 binaries/rflread.o
 .rodata.str1.4
                0x0000000000113ab9       0x21 binaries/rflwrite.o
 *fill*         0x0000000000113ab9        0x3 
 .rodata.str1.4
                0x0000000000113abc       0x75 binaries/rfscomm.o
 *fill*         0x0000000000113b31        0x3 
 .rodata.str1.4
                0x0000000000113b34       0x23 binaries/rfscontrol.o
 *fill*         0x0000000000113b57        0x1 
 .rodata        0x0000000000113b58       0x18 binaries/rfscontrol.o
 .rodata.str1.1
                0x0000000000113b70       0x10 binaries/rfsinit.o
 .rodata.str1.4
                0x0000000000113b70       0x57 binaries/rfsinit.o
 *fill*         0x0000000000113bc7        0x1 
 .rodata.str1.4
                0x0000000000113bc8       0x2a binaries/rfsndmsg.o
 .rodata.str1.4
                0x0000000000113bf2       0x22 binaries/rfsopen.o
 .rodata.str1.1
                0x0000000000113bf2       0x19 binaries/arp.o
 *fill*         0x0000000000113c0b        0x1 
 .rodata.str1.4
                0x0000000000113c0c       0x21 binaries/arp.o
 *fill*         0x0000000000113c2d        0x3 
 .rodata.str1.4
                0x0000000000113c30       0xa6 binaries/dhcp.o
 .rodata.str1.1
                0x0000000000113cd6       0x4a binaries/dhcp.o
 .rodata.str1.1
                0x0000000000113d20       0x5a binaries/hexdump.o
                                         0x61 (size before relaxing)
 *fill*         0x0000000000113d7a        0x2 
 .rodata.str1.4
                0x0000000000113d7c       0x67 binaries/hexdump.o
 *fill*         0x0000000000113de3        0x1 
 .rodata.str1.4
                0x0000000000113de4       0x29 binaries/icmp.o
 .rodata.str1.1
                0x0000000000113e0d       0x4e binaries/ip.o
 *fill*         0x0000000000113e5b        0x1 
 .rodata.str1.4
                0x0000000000113e5c       0x20 binaries/ip.o
 .rodata.str1.4
                0x0000000000113e7c       0x28 binaries/net.o
 .rodata.str1.1
                0x0000000000113ea4       0x27 binaries/net.o
 *fill*         0x0000000000113ecb        0x1 
 .rodata.str1.4
                0x0000000000113ecc       0xcf binaries/netstart.o
 .rodata.str1.1
                0x0000000000113f9b      0x141 binaries/pdump.o
                                        0x14b (size before relaxing)
 .rodata.str1.4
                0x00000000001140dc      0x126 binaries/pdump.o
 *fill*         0x0000000000114202        0x2 
 .rodata.str1.4
                0x0000000000114204      0x148 binaries/tftp.o
 .rodata.str1.1
                0x000000000011434c        0x6 binaries/tftp.o
                                          0xa (size before relaxing)
 .rodata.str1.1
                0x0000000000114352       0xe3 binaries/shell.o
                                         0xff (size before relaxing)
 *fill*         0x0000000000114435        0x3 
 .rodata.str1.4
                0x0000000000114438      0x1c4 binaries/shell.o
 .rodata.str1.1
                0x00000000001145fc       0x26 binaries/xsh_argecho.o
                                         0x28 (size before relaxing)
 .rodata.str1.1
                0x0000000000114622       0x70 binaries/xsh_arp.o
                                         0x72 (size before relaxing)
 *fill*         0x0000000000114692        0x2 
 .rodata.str1.4
                0x0000000000114694       0xb4 binaries/xsh_arp.o
 .rodata.str1.1
                0x0000000000114748       0x2d binaries/xsh_cat.o
                                         0x4f (size before relaxing)
 *fill*         0x0000000000114775        0x3 
 .rodata.str1.4
                0x0000000000114778       0x52 binaries/xsh_cat.o
                                         0x79 (size before relaxing)
 .rodata.str1.1
                0x00000000001147ca       0x15 binaries/xsh_clear.o
 .rodata.str1.1
                0x00000000001147df       0x46 binaries/xsh_date.o
                                         0x5f (size before relaxing)
 *fill*         0x0000000000114825        0x3 
 .rodata.str1.4
                0x0000000000114828      0x163 binaries/xsh_date.o
 .rodata.str1.1
                0x000000000011498b       0x5d binaries/xsh_devdump.o
 .rodata.str1.1
                0x00000000001149e8        0x4 binaries/xsh_echo.o
                                          0x9 (size before relaxing)
 .rodata.str1.1
                0x00000000001149ec       0x65 binaries/xsh_help.o
                                         0xa3 (size before relaxing)
 *fill*         0x0000000000114a51        0x3 
 .rodata.str1.4
                0x0000000000114a54       0x7c binaries/xsh_help.o
                                         0xc6 (size before relaxing)
 .rodata.str1.1
                0x0000000000114ad0       0x9c binaries/xsh_ipaddr.o
                                         0xf8 (size before relaxing)
 .rodata.str1.4
                0x0000000000114b6c       0x4d binaries/xsh_ipaddr.o
                                         0x99 (size before relaxing)
 .rodata.str1.1
                0x0000000000114bb9       0x78 binaries/xsh_kill.o
                                         0x97 (size before relaxing)
 *fill*         0x0000000000114c31        0x3 
 .rodata.str1.4
                0x0000000000114c34       0x4a binaries/xsh_kill.o
                                         0x96 (size before relaxing)
 .rodata.str1.1
                0x0000000000114c7e       0x84 binaries/xsh_memdump.o
                                         0xa8 (size before relaxing)
 *fill*         0x0000000000114d02        0x2 
 .rodata.str1.4
                0x0000000000114d04      0x15a binaries/xsh_memdump.o
                                        0x1aa (size before relaxing)
 .rodata.str1.1
                0x0000000000114e5e       0x40 binaries/xsh_memstat.o
                                         0x79 (size before relaxing)
 *fill*         0x0000000000114e9e        0x2 
 .rodata.str1.4
                0x0000000000114ea0      0x187 binaries/xsh_memstat.o
                                        0x1af (size before relaxing)
 .rodata.str1.1
                0x0000000000115027       0x90 binaries/xsh_ping.o
                                         0xaf (size before relaxing)
 *fill*         0x00000000001150b7        0x1 
 .rodata.str1.4
                0x00000000001150b8       0x77 binaries/xsh_ping.o
                                         0xc6 (size before relaxing)
 .rodata.str1.1
                0x000000000011512f       0x74 binaries/xsh_ps.o
                                         0xd5 (size before relaxing)
 *fill*         0x00000000001151a3        0x1 
 .rodata.str1.4
                0x00000000001151a4       0x80 binaries/xsh_ps.o
                                         0xd0 (size before relaxing)
 .rodata.str1.1
                0x0000000000115224       0x31 binaries/xsh_sleep.o
                                         0x72 (size before relaxing)
 *fill*         0x0000000000115255        0x3 
 .rodata.str1.4
                0x0000000000115258       0x2a binaries/xsh_sleep.o
                                         0x7a (size before relaxing)
 .rodata.str1.1
                0x0000000000115282       0x6b binaries/xsh_udpdump.o
                                         0xd2 (size before relaxing)
 *fill*         0x00000000001152ed        0x3 
 .rodata.str1.4
                0x00000000001152f0       0x94 binaries/xsh_udpdump.o
                                         0xe4 (size before relaxing)
 .rodata.str1.1
                0x0000000000115384       0xdb binaries/xsh_udpecho.o
                                         0xfa (size before relaxing)
 *fill*         0x000000000011545f        0x1 
 .rodata.str1.4
                0x0000000000115460       0xc7 binaries/xsh_udpecho.o
                                        0x116 (size before relaxing)
 .rodata.str1.1
                0x0000000000115527       0x66 binaries/xsh_udpeserver.o
                                         0x8f (size before relaxing)
 *fill*         0x000000000011558d        0x3 
 .rodata.str1.4
                0x0000000000115590       0x29 binaries/xsh_udpeserver.o
                                         0x9f (size before relaxing)
 .rodata.str1.1
                0x00000000001155b9       0x49 binaries/xsh_uptime.o
                                         0x8c (size before relaxing)
 *fill*         0x0000000000115602        0x2 
 .rodata.str1.4
                0x0000000000115604       0x28 binaries/xsh_uptime.o
                                         0x76 (size before relaxing)
                0x000000000011562c                etext = ABSOLUTE (.)
                0x0000000000116000                . = ALIGN (0x1000)
 *fill*         0x000000000011562c      0x9d4 

.eh_frame       0x0000000000116000     0x7114
 .eh_frame      0x0000000000116000       0x98 binaries/ascdate.o
 .eh_frame      0x0000000000116098       0x28 binaries/bufinit.o
                                         0x40 (size before relaxing)
 .eh_frame      0x00000000001160c0       0x40 binaries/cbhandler.o
                                         0x58 (size before relaxing)
 .eh_frame      0x0000000000116100       0x3c binaries/cbreg.o
                                         0x68 (size before relaxing)
 .eh_frame      0x000000000011613c       0x54 binaries/chprio.o
                                         0x80 (size before relaxing)
 .eh_frame      0x0000000000116190       0x24 binaries/clkhandler.o
                                         0x50 (size before relaxing)
 .eh_frame      0x00000000001161b4       0x44 binaries/clkinit.o
                                         0x70 (size before relaxing)
 .eh_frame      0x00000000001161f8       0x44 binaries/close.o
                                         0x70 (size before relaxing)
 .eh_frame      0x000000000011623c       0x48 binaries/control.o
                                         0x74 (size before relaxing)
 .eh_frame      0x0000000000116284       0x64 binaries/create.o
                                         0x90 (size before relaxing)
 .eh_frame      0x00000000001162e8      0x164 binaries/early_imr.o
                                        0x190 (size before relaxing)
 .eh_frame      0x000000000011644c      0x1f8 binaries/evec.o
                                        0x224 (size before relaxing)
 .eh_frame      0x0000000000116644       0x58 binaries/freebuf.o
                                         0x84 (size before relaxing)
 .eh_frame      0x000000000011669c       0x5c binaries/freemem.o
                                         0x88 (size before relaxing)
 .eh_frame      0x00000000001166f8       0x50 binaries/getbuf.o
                                         0x7c (size before relaxing)
 .eh_frame      0x0000000000116748       0x44 binaries/getc.o
                                         0x70 (size before relaxing)
 .eh_frame      0x000000000011678c       0x60 binaries/getdev.o
                                         0x8c (size before relaxing)
 .eh_frame      0x00000000001167ec       0x68 binaries/getitem.o
                                         0x94 (size before relaxing)
 .eh_frame      0x0000000000116854       0x54 binaries/getmem.o
                                         0x80 (size before relaxing)
 .eh_frame      0x00000000001168a8       0x14 binaries/getpid.o
                                         0x40 (size before relaxing)
 .eh_frame      0x00000000001168bc       0x40 binaries/getprio.o
                                         0x6c (size before relaxing)
 .eh_frame      0x00000000001168fc       0x5c binaries/getstk.o
                                         0x88 (size before relaxing)
 .eh_frame      0x0000000000116958       0x2c binaries/gettime.o
                                         0x58 (size before relaxing)
 .eh_frame      0x0000000000116984       0x98 binaries/getutime.o
                                         0xc4 (size before relaxing)
 .eh_frame      0x0000000000116a1c       0x44 binaries/init.o
                                         0x70 (size before relaxing)
 .eh_frame      0x0000000000116a60       0xe4 binaries/initialize.o
                                        0x110 (size before relaxing)
 .eh_frame      0x0000000000116b44       0x44 binaries/insert.o
                                         0x5c (size before relaxing)
 .eh_frame      0x0000000000116b88       0x40 binaries/insertd.o
                                         0x6c (size before relaxing)
 .eh_frame      0x0000000000116bc8       0x14 binaries/ioerr.o
                                         0x2c (size before relaxing)
 .eh_frame      0x0000000000116bdc       0x14 binaries/ionull.o
                                         0x2c (size before relaxing)
 .eh_frame      0x0000000000116bf0       0x78 binaries/kill.o
                                         0xa4 (size before relaxing)
 .eh_frame      0x0000000000116c68       0x90 binaries/kprintf.o
                                         0xd0 (size before relaxing)
 .eh_frame      0x0000000000116cf8       0xd8 binaries/main.o
                                        0x104 (size before relaxing)
 .eh_frame      0x0000000000116dd0       0x64 binaries/mark.o
                                         0x90 (size before relaxing)
 .eh_frame      0x0000000000116e34       0x80 binaries/meminit.o
                                         0xac (size before relaxing)
 .eh_frame      0x0000000000116eb4       0x78 binaries/mkbufpool.o
                                         0xa4 (size before relaxing)
 .eh_frame      0x0000000000116f2c       0x30 binaries/newqueue.o
                                         0x48 (size before relaxing)
 .eh_frame      0x0000000000116f5c       0x48 binaries/open.o
                                         0x74 (size before relaxing)
 .eh_frame      0x0000000000116fa4       0x28 binaries/panic.o
                                         0x54 (size before relaxing)
 .eh_frame      0x0000000000116fcc       0xf4 binaries/pci.o
                                        0x10c (size before relaxing)
 .eh_frame      0x00000000001170c0       0x40 binaries/platinit.o
                                         0x6c (size before relaxing)
 .eh_frame      0x0000000000117100       0x40 binaries/popsndqueue.o
                                         0x6c (size before relaxing)
 .eh_frame      0x0000000000117140       0x6c binaries/ptclear.o
                                         0x98 (size before relaxing)
 .eh_frame      0x00000000001171ac       0x64 binaries/ptcount.o
                                         0x90 (size before relaxing)
 .eh_frame      0x0000000000117210       0x60 binaries/ptcreate.o
                                         0x8c (size before relaxing)
 .eh_frame      0x0000000000117270       0x48 binaries/ptdelete.o
                                         0x74 (size before relaxing)
 .eh_frame      0x00000000001172b8       0x44 binaries/ptinit.o
                                         0x70 (size before relaxing)
 .eh_frame      0x00000000001172fc       0x64 binaries/ptrecv.o
                                         0x90 (size before relaxing)
 .eh_frame      0x0000000000117360       0x48 binaries/ptreset.o
                                         0x74 (size before relaxing)
 .eh_frame      0x00000000001173a8       0x70 binaries/ptsend.o
                                         0x9c (size before relaxing)
 .eh_frame      0x0000000000117418       0x54 binaries/putc.o
                                         0x80 (size before relaxing)
 .eh_frame      0x000000000011746c       0x6c binaries/quark_irq.o
                                         0x98 (size before relaxing)
 .eh_frame      0x00000000001174d8       0xe8 binaries/quark_pdat.o
                                        0x114 (size before relaxing)
 .eh_frame      0x00000000001175c0       0x84 binaries/queue.o
                                         0xc4 (size before relaxing)
 .eh_frame      0x0000000000117644       0x48 binaries/read.o
                                         0x74 (size before relaxing)
 .eh_frame      0x000000000011768c       0x34 binaries/ready.o
                                         0x60 (size before relaxing)
 .eh_frame      0x00000000001176c0       0x3c binaries/receive.o
                                         0x68 (size before relaxing)
 .eh_frame      0x00000000001176fc       0x38 binaries/recvclr.o
                                         0x64 (size before relaxing)
 .eh_frame      0x0000000000117734       0x60 binaries/recvtime.o
                                         0x8c (size before relaxing)
 .eh_frame      0x0000000000117794       0x78 binaries/resched.o
                                         0xb8 (size before relaxing)
 .eh_frame      0x000000000011780c       0x5c binaries/resume.o
                                         0x88 (size before relaxing)
 .eh_frame      0x0000000000117868       0x44 binaries/seek.o
                                         0x70 (size before relaxing)
 .eh_frame      0x00000000001178ac       0x40 binaries/semcount.o
                                         0x6c (size before relaxing)
 .eh_frame      0x00000000001178ec       0x54 binaries/semcreate.o
                                         0x80 (size before relaxing)
 .eh_frame      0x0000000000117940       0x6c binaries/semdelete.o
                                         0x98 (size before relaxing)
 .eh_frame      0x00000000001179ac       0x6c binaries/semreset.o
                                         0x98 (size before relaxing)
 .eh_frame      0x0000000000117a18       0x70 binaries/sendblk.o
                                         0x9c (size before relaxing)
 .eh_frame      0x0000000000117a88       0x60 binaries/send.o
                                         0x8c (size before relaxing)
 .eh_frame      0x0000000000117ae8       0x54 binaries/signal.o
                                         0x80 (size before relaxing)
 .eh_frame      0x0000000000117b3c       0x70 binaries/signaln.o
                                         0x9c (size before relaxing)
 .eh_frame      0x0000000000117bac       0x80 binaries/sleep.o
                                         0xac (size before relaxing)
 .eh_frame      0x0000000000117c2c       0x54 binaries/suspend.o
                                         0x80 (size before relaxing)
 .eh_frame      0x0000000000117c80       0x4c binaries/unsleep.o
                                         0x78 (size before relaxing)
 .eh_frame      0x0000000000117ccc       0x28 binaries/userret.o
                                         0x54 (size before relaxing)
 .eh_frame      0x0000000000117cf4       0x58 binaries/wait.o
                                         0x84 (size before relaxing)
 .eh_frame      0x0000000000117d4c       0x48 binaries/wakeup.o
                                         0x74 (size before relaxing)
 .eh_frame      0x0000000000117d94       0x48 binaries/write.o
                                         0x74 (size before relaxing)
 .eh_frame      0x0000000000117ddc       0x24 binaries/xdone.o
                                         0x50 (size before relaxing)
 .eh_frame      0x0000000000117e00       0x30 binaries/yield.o
                                         0x5c (size before relaxing)
 .eh_frame      0x0000000000117e30       0x14 binaries/abs.o
                                         0x2c (size before relaxing)
 .eh_frame      0x0000000000117e44       0x28 binaries/atoi.o
                                         0x40 (size before relaxing)
 .eh_frame      0x0000000000117e6c       0x28 binaries/atol.o
                                         0x40 (size before relaxing)
 .eh_frame      0x0000000000117e94       0x14 binaries/bzero.o
                                         0x2c (size before relaxing)
 .eh_frame      0x0000000000117ea8      0x160 binaries/doprnt.o
                                        0x1a0 (size before relaxing)
 .eh_frame      0x0000000000118008      0x108 binaries/doscan.o
                                        0x134 (size before relaxing)
 .eh_frame      0x0000000000118110      0x114 binaries/fdoprnt.o
                                        0x140 (size before relaxing)
 .eh_frame      0x0000000000118224       0x2c binaries/fgetc.o
                                         0x58 (size before relaxing)
 .eh_frame      0x0000000000118250       0x48 binaries/fgets.o
                                         0x74 (size before relaxing)
 .eh_frame      0x0000000000118298       0x2c binaries/fprintf.o
                                         0x58 (size before relaxing)
 .eh_frame      0x00000000001182c4       0x2c binaries/fputc.o
                                         0x58 (size before relaxing)
 .eh_frame      0x00000000001182f0       0x3c binaries/fputs.o
                                         0x68 (size before relaxing)
 .eh_frame      0x000000000011832c       0x7c binaries/fscanf.o
                                         0xa8 (size before relaxing)
 .eh_frame      0x00000000001183a8       0x24 binaries/getchar.o
                                         0x50 (size before relaxing)
 .eh_frame      0x00000000001183cc       0x14 binaries/labs.o
                                         0x2c (size before relaxing)
 .eh_frame      0x00000000001183e0       0x14 binaries/memchr.o
                                         0x2c (size before relaxing)
 .eh_frame      0x00000000001183f4       0x28 binaries/memcmp.o
                                         0x40 (size before relaxing)
 .eh_frame      0x000000000011841c       0x24 binaries/memcpy.o
                                         0x3c (size before relaxing)
 .eh_frame      0x0000000000118440       0x1c binaries/memset.o
                                         0x34 (size before relaxing)
 .eh_frame      0x000000000011845c       0x2c binaries/printf.o
                                         0x58 (size before relaxing)
 .eh_frame      0x0000000000118488       0x28 binaries/putchar.o
                                         0x54 (size before relaxing)
 .eh_frame      0x00000000001184b0       0xdc binaries/qsort.o
                                        0x11c (size before relaxing)
 .eh_frame      0x000000000011858c       0x28 binaries/rand.o
                                         0x68 (size before relaxing)
 .eh_frame      0x00000000001185b4       0x54 binaries/sprintf.o
                                         0x80 (size before relaxing)
 .eh_frame      0x0000000000118608       0x5c binaries/sscanf.o
                                         0x88 (size before relaxing)
 .eh_frame      0x0000000000118664       0x20 binaries/strchr.o
                                         0x38 (size before relaxing)
 .eh_frame      0x0000000000118684       0x20 binaries/strcmp.o
                                         0x38 (size before relaxing)
 .eh_frame      0x00000000001186a4       0x14 binaries/strcpy.o
                                         0x2c (size before relaxing)
 .eh_frame      0x00000000001186b8       0x14 binaries/strlen.o
                                         0x2c (size before relaxing)
 .eh_frame      0x00000000001186cc       0x2c binaries/strncat.o
                                         0x44 (size before relaxing)
 .eh_frame      0x00000000001186f8       0x1c binaries/strncmp.o
                                         0x34 (size before relaxing)
 .eh_frame      0x0000000000118714       0x30 binaries/strncpy.o
                                         0x48 (size before relaxing)
 .eh_frame      0x0000000000118744       0x14 binaries/strnlen.o
                                         0x2c (size before relaxing)
 .eh_frame      0x0000000000118758       0x20 binaries/strrchr.o
                                         0x38 (size before relaxing)
 .eh_frame      0x0000000000118778       0x3c binaries/strstr.o
                                         0x54 (size before relaxing)
 .eh_frame      0x00000000001187b4       0x58 binaries/ttycontrol.o
                                         0x84 (size before relaxing)
 .eh_frame      0x000000000011880c       0x44 binaries/ttygetc.o
                                         0x70 (size before relaxing)
 .eh_frame      0x0000000000118850       0xe0 binaries/ttyhandle_in.o
                                        0x10c (size before relaxing)
 .eh_frame      0x0000000000118930       0x68 binaries/ttyhandle_out.o
                                         0x94 (size before relaxing)
 .eh_frame      0x0000000000118998       0x5c binaries/ttyhandler.o
                                         0x88 (size before relaxing)
 .eh_frame      0x00000000001189f4       0x4c binaries/ttyinit.o
                                         0x78 (size before relaxing)
 .eh_frame      0x0000000000118a40       0x14 binaries/ttykickout.o
                                         0x2c (size before relaxing)
 .eh_frame      0x0000000000118a54       0x64 binaries/ttyputc.o
                                         0x90 (size before relaxing)
 .eh_frame      0x0000000000118ab8       0x64 binaries/ttyread.o
                                         0x90 (size before relaxing)
 .eh_frame      0x0000000000118b1c       0x4c binaries/ttywrite.o
                                         0x78 (size before relaxing)
 .eh_frame      0x0000000000118b68       0x7c binaries/mount.o
                                         0xa8 (size before relaxing)
 .eh_frame      0x0000000000118be4       0xe4 binaries/naminit.o
                                        0x110 (size before relaxing)
 .eh_frame      0x0000000000118cc8       0xf0 binaries/nammap.o
                                        0x130 (size before relaxing)
 .eh_frame      0x0000000000118db8       0x48 binaries/namopen.o
                                         0x74 (size before relaxing)
 .eh_frame      0x0000000000118e00       0x3c binaries/colon2mac.o
                                         0x68 (size before relaxing)
 .eh_frame      0x0000000000118e3c       0x4c binaries/ethcontrol.o
                                         0x78 (size before relaxing)
 .eh_frame      0x0000000000118e88       0x58 binaries/ethhandler.o
                                         0x84 (size before relaxing)
 .eh_frame      0x0000000000118ee0      0x154 binaries/ethinit.o
                                        0x180 (size before relaxing)
 .eh_frame      0x0000000000119034       0xa8 binaries/ethmcast.o
                                         0xd4 (size before relaxing)
 .eh_frame      0x00000000001190dc       0x80 binaries/ethread.o
                                         0xac (size before relaxing)
 .eh_frame      0x000000000011915c       0x48 binaries/ethwrite.o
                                         0x74 (size before relaxing)
 .eh_frame      0x00000000001191a4       0x3c binaries/rdsbufalloc.o
                                         0x68 (size before relaxing)
 .eh_frame      0x00000000001191e0       0x3c binaries/rdsclose.o
                                         0x68 (size before relaxing)
 .eh_frame      0x000000000011921c       0x90 binaries/rdscomm.o
                                         0xbc (size before relaxing)
 .eh_frame      0x00000000001192ac       0xb4 binaries/rdscontrol.o
                                         0xe0 (size before relaxing)
 .eh_frame      0x0000000000119360       0x9c binaries/rdsinit.o
                                         0xc8 (size before relaxing)
 .eh_frame      0x00000000001193fc       0x80 binaries/rdsopen.o
                                         0xac (size before relaxing)
 .eh_frame      0x000000000011947c       0xf8 binaries/rdsprocess.o
                                        0x124 (size before relaxing)
 .eh_frame      0x0000000000119574       0x7c binaries/rdsread.o
                                         0xa8 (size before relaxing)
 .eh_frame      0x00000000001195f0       0x80 binaries/rdswrite.o
                                         0xac (size before relaxing)
 .eh_frame      0x0000000000119670       0x14 binaries/ramclose.o
                                         0x2c (size before relaxing)
 .eh_frame      0x0000000000119684       0x40 binaries/raminit.o
                                         0x6c (size before relaxing)
 .eh_frame      0x00000000001196c4       0x14 binaries/ramopen.o
                                         0x2c (size before relaxing)
 .eh_frame      0x00000000001196d8       0x2c binaries/ramread.o
                                         0x58 (size before relaxing)
 .eh_frame      0x0000000000119704       0x2c binaries/ramwrite.o
                                         0x58 (size before relaxing)
 .eh_frame      0x0000000000119730       0x80 binaries/lfdballoc.o
                                         0xac (size before relaxing)
 .eh_frame      0x00000000001197b0       0x50 binaries/lfdbfree.o
                                         0x7c (size before relaxing)
 .eh_frame      0x0000000000119800       0x5c binaries/lfflush.o
                                         0x88 (size before relaxing)
 .eh_frame      0x000000000011985c       0x14 binaries/lfgetmode.o
                                         0x2c (size before relaxing)
 .eh_frame      0x0000000000119870       0x5c binaries/lfiballoc.o
                                         0x88 (size before relaxing)
 .eh_frame      0x00000000001198cc       0x14 binaries/lfibclear.o
                                         0x2c (size before relaxing)
 .eh_frame      0x00000000001198e0       0x4c binaries/lfibget.o
                                         0x78 (size before relaxing)
 .eh_frame      0x000000000011992c       0x68 binaries/lfibput.o
                                         0x94 (size before relaxing)
 .eh_frame      0x0000000000119994       0x54 binaries/lflclose.o
                                         0x80 (size before relaxing)
 .eh_frame      0x00000000001199e8       0x74 binaries/lflcontrol.o
                                         0xa0 (size before relaxing)
 .eh_frame      0x0000000000119a5c       0x6c binaries/lflgetc.o
                                         0x98 (size before relaxing)
 .eh_frame      0x0000000000119ac8       0x5c binaries/lflinit.o
                                         0x88 (size before relaxing)
 .eh_frame      0x0000000000119b24       0x6c binaries/lflputc.o
                                         0x98 (size before relaxing)
 .eh_frame      0x0000000000119b90       0x48 binaries/lflread.o
                                         0x74 (size before relaxing)
 .eh_frame      0x0000000000119bd8       0x60 binaries/lflseek.o
                                         0x8c (size before relaxing)
 .eh_frame      0x0000000000119c38       0x48 binaries/lflwrite.o
                                         0x74 (size before relaxing)
 .eh_frame      0x0000000000119c80       0xd4 binaries/lfsckfmt.o
                                        0x100 (size before relaxing)
 .eh_frame      0x0000000000119d54       0xd4 binaries/lfscreate.o
                                        0x100 (size before relaxing)
 .eh_frame      0x0000000000119e28       0xbc binaries/lfsetup.o
                                         0xe8 (size before relaxing)
 .eh_frame      0x0000000000119ee4       0x38 binaries/lfsinit.o
                                         0x64 (size before relaxing)
 .eh_frame      0x0000000000119f1c       0x90 binaries/lfsopen.o
                                         0xbc (size before relaxing)
 .eh_frame      0x0000000000119fac       0x84 binaries/lftruncate.o
                                         0xb0 (size before relaxing)
 .eh_frame      0x000000000011a030       0x3c binaries/rflclose.o
                                         0x68 (size before relaxing)
 .eh_frame      0x000000000011a06c       0x30 binaries/rflgetc.o
                                         0x5c (size before relaxing)
 .eh_frame      0x000000000011a09c       0x30 binaries/rflinit.o
                                         0x5c (size before relaxing)
 .eh_frame      0x000000000011a0cc       0x30 binaries/rflputc.o
                                         0x5c (size before relaxing)
 .eh_frame      0x000000000011a0fc       0xdc binaries/rflread.o
                                        0x108 (size before relaxing)
 .eh_frame      0x000000000011a1d8       0x3c binaries/rflseek.o
                                         0x68 (size before relaxing)
 .eh_frame      0x000000000011a214       0xd0 binaries/rflwrite.o
                                         0xfc (size before relaxing)
 .eh_frame      0x000000000011a2e4       0x88 binaries/rfscomm.o
                                         0xb4 (size before relaxing)
 .eh_frame      0x000000000011a36c      0x11c binaries/rfscontrol.o
                                        0x148 (size before relaxing)
 .eh_frame      0x000000000011a488       0x14 binaries/rfsgetmode.o
                                         0x2c (size before relaxing)
 .eh_frame      0x000000000011a49c       0x50 binaries/rfsinit.o
                                         0x7c (size before relaxing)
 .eh_frame      0x000000000011a4ec       0x50 binaries/rfsndmsg.o
                                         0x7c (size before relaxing)
 .eh_frame      0x000000000011a53c       0xdc binaries/rfsopen.o
                                        0x108 (size before relaxing)
 .eh_frame      0x000000000011a618      0x27c binaries/arp.o
                                        0x2bc (size before relaxing)
 .eh_frame      0x000000000011a894      0x284 binaries/dhcp.o
                                        0x2b0 (size before relaxing)
 .eh_frame      0x000000000011ab18       0x40 binaries/dot2ip.o
                                         0x58 (size before relaxing)
 .eh_frame      0x000000000011ab58      0x1bc binaries/hexdump.o
                                        0x1e8 (size before relaxing)
 .eh_frame      0x000000000011ad14      0x310 binaries/icmp.o
                                        0x350 (size before relaxing)
 .eh_frame      0x000000000011b024      0x2e8 binaries/ip.o
                                        0x314 (size before relaxing)
 .eh_frame      0x000000000011b30c      0x138 binaries/net.o
                                        0x164 (size before relaxing)
 .eh_frame      0x000000000011b444       0x74 binaries/netstart.o
                                         0xa0 (size before relaxing)
 .eh_frame      0x000000000011b4b8      0x394 binaries/pdump.o
                                        0x3c0 (size before relaxing)
 .eh_frame      0x000000000011b84c      0x260 binaries/tftp.o
                                        0x28c (size before relaxing)
 .eh_frame      0x000000000011baac      0x36c binaries/udp.o
                                        0x3ac (size before relaxing)
 .eh_frame      0x000000000011be18       0x68 binaries/addargs.o
                                         0x94 (size before relaxing)
 .eh_frame      0x000000000011be80       0x40 binaries/lexan.o
                                         0x58 (size before relaxing)
 .eh_frame      0x000000000011bec0      0x24c binaries/shell.o
                                        0x278 (size before relaxing)
 .eh_frame      0x000000000011c10c       0x5c binaries/xsh_argecho.o
                                         0x88 (size before relaxing)
 .eh_frame      0x000000000011c168       0xe0 binaries/xsh_arp.o
                                        0x10c (size before relaxing)
 .eh_frame      0x000000000011c248       0xac binaries/xsh_cat.o
                                         0xd8 (size before relaxing)
 .eh_frame      0x000000000011c2f4       0x3c binaries/xsh_clear.o
                                         0x68 (size before relaxing)
 .eh_frame      0x000000000011c330      0x108 binaries/xsh_date.o
                                        0x134 (size before relaxing)
 .eh_frame      0x000000000011c438       0x64 binaries/xsh_devdump.o
                                         0x90 (size before relaxing)
 .eh_frame      0x000000000011c49c       0x5c binaries/xsh_echo.o
                                         0x88 (size before relaxing)
 .eh_frame      0x000000000011c4f8       0x14 binaries/xsh_exit.o
                                         0x2c (size before relaxing)
 .eh_frame      0x000000000011c50c       0xd4 binaries/xsh_help.o
                                        0x100 (size before relaxing)
 .eh_frame      0x000000000011c5e0      0x194 binaries/xsh_ipaddr.o
                                        0x1c0 (size before relaxing)
 .eh_frame      0x000000000011c774       0xac binaries/xsh_kill.o
                                         0xd8 (size before relaxing)
 .eh_frame      0x000000000011c820      0x130 binaries/xsh_memdump.o
                                        0x15c (size before relaxing)
 .eh_frame      0x000000000011c950       0xbc binaries/xsh_memstat.o
                                         0xe8 (size before relaxing)
 .eh_frame      0x000000000011ca0c      0x10c binaries/xsh_ping.o
                                        0x138 (size before relaxing)
 .eh_frame      0x000000000011cb18       0xd8 binaries/xsh_ps.o
                                        0x104 (size before relaxing)
 .eh_frame      0x000000000011cbf0       0xac binaries/xsh_sleep.o
                                         0xd8 (size before relaxing)
 .eh_frame      0x000000000011cc9c       0xe8 binaries/xsh_udpdump.o
                                        0x114 (size before relaxing)
 .eh_frame      0x000000000011cd84      0x1b0 binaries/xsh_udpecho.o
                                        0x1dc (size before relaxing)
 .eh_frame      0x000000000011cf34      0x128 binaries/xsh_udpeserver.o
                                        0x154 (size before relaxing)
 .eh_frame      0x000000000011d05c       0xb8 binaries/xsh_uptime.o
                                         0xe4 (size before relaxing)

.iplt           0x000000000011d118        0x0
 .iplt          0x000000000011d118        0x0 binaries/start.o

.rel.dyn        0x000000000011d114        0x0
 .rel.got       0x000000000011d114        0x0 binaries/start.o
 .rel.iplt      0x000000000011d114        0x0 binaries/start.o
 .rel.text      0x000000000011d114        0x0 binaries/start.o

.data           0x000000000011d120      0xee0
                0x000000000011d120                data = ABSOLUTE (.)
 *(.data .data.*)
 .data          0x000000000011d120      0x85a binaries/start.o
                0x000000000011d120                gdt
                0x000000000011d170                idt
                0x000000000011d976                cpudelay
 .data          0x000000000011d97a        0x0 binaries/ascdate.o
 *fill*         0x000000000011d97a        0x6 
 .data.rel.local
                0x000000000011d980       0x88 binaries/ascdate.o
                0x000000000011d980                Date
 .data          0x000000000011da08        0x0 binaries/bufinit.o
 .data          0x000000000011da08        0x0 binaries/cbhandler.o
 .data          0x000000000011da08        0x0 binaries/cbreg.o
 .data          0x000000000011da08        0x0 binaries/chprio.o
 .data          0x000000000011da08        0x4 binaries/clkhandler.o
 .data          0x000000000011da0c        0x0 binaries/clkinit.o
 .data          0x000000000011da0c        0x0 binaries/close.o
 .data          0x000000000011da0c        0x0 binaries/conf.o
 *fill*         0x000000000011da0c       0x14 
 .data.rel      0x000000000011da20      0x30c binaries/conf.o
                0x000000000011da20                devtab
 .data          0x000000000011dd2c        0x0 binaries/control.o
 .data          0x000000000011dd2c        0x4 binaries/create.o
 .data          0x000000000011dd30        0x0 binaries/early_imr.o
 .data          0x000000000011dd30        0x0 binaries/evec.o
 *fill*         0x000000000011dd30       0x10 
 .data.rel.local
                0x000000000011dd40       0x40 binaries/evec.o
                0x000000000011dd40                inames
 .data          0x000000000011dd80        0x0 binaries/freebuf.o
 .data          0x000000000011dd80        0x0 binaries/freemem.o
 .data          0x000000000011dd80        0x0 binaries/getbuf.o
 .data          0x000000000011dd80        0x0 binaries/getc.o
 .data          0x000000000011dd80        0x0 binaries/getdev.o
 .data          0x000000000011dd80        0x0 binaries/getitem.o
 .data          0x000000000011dd80        0x0 binaries/getmem.o
 .data          0x000000000011dd80        0x0 binaries/getpid.o
 .data          0x000000000011dd80        0x0 binaries/getprio.o
 .data          0x000000000011dd80        0x0 binaries/getstk.o
 .data          0x000000000011dd80        0x0 binaries/gettime.o
 .data          0x000000000011dd80        0x0 binaries/getutime.o
 .data          0x000000000011dd80        0x0 binaries/init.o
 .data          0x000000000011dd80        0x0 binaries/initialize.o
 .data          0x000000000011dd80        0x0 binaries/insert.o
 .data          0x000000000011dd80        0x0 binaries/insertd.o
 .data          0x000000000011dd80        0x0 binaries/ioerr.o
 .data          0x000000000011dd80        0x0 binaries/ionull.o
 .data          0x000000000011dd80        0x0 binaries/kill.o
 .data          0x000000000011dd80        0x0 binaries/kprintf.o
 .data          0x000000000011dd80        0x4 binaries/main.o
                0x000000000011dd80                buf
 .data          0x000000000011dd84        0x0 binaries/mark.o
 *fill*         0x000000000011dd84       0x1c 
 .data          0x000000000011dda0       0x48 binaries/meminit.o
                0x000000000011dda0                gdt_copy
                0x000000000011dde0                bootinfo
                0x000000000011dde4                bootsign
 .data          0x000000000011dde8        0x0 binaries/mkbufpool.o
 .data          0x000000000011dde8        0x2 binaries/newqueue.o
 .data          0x000000000011ddea        0x0 binaries/open.o
 .data          0x000000000011ddea        0x0 binaries/panic.o
 .data          0x000000000011ddea        0x0 binaries/pci.o
 .data          0x000000000011ddea        0x0 binaries/platinit.o
 .data          0x000000000011ddea        0x0 binaries/popsndqueue.o
 .data          0x000000000011ddea        0x0 binaries/ptclear.o
 .data          0x000000000011ddea        0x0 binaries/ptcount.o
 .data          0x000000000011ddea        0x0 binaries/ptcreate.o
 .data          0x000000000011ddea        0x0 binaries/ptdelete.o
 .data          0x000000000011ddea        0x0 binaries/ptinit.o
 .data          0x000000000011ddea        0x0 binaries/ptrecv.o
 .data          0x000000000011ddea        0x0 binaries/ptreset.o
 .data          0x000000000011ddea        0x0 binaries/ptsend.o
 .data          0x000000000011ddea        0x0 binaries/putc.o
 .data          0x000000000011ddea        0x0 binaries/quark_irq.o
 .data          0x000000000011ddea        0x0 binaries/quark_pdat.o
 .data          0x000000000011ddea        0x0 binaries/queue.o
 .data          0x000000000011ddea        0x0 binaries/read.o
 .data          0x000000000011ddea        0x0 binaries/ready.o
 .data          0x000000000011ddea        0x0 binaries/receive.o
 .data          0x000000000011ddea        0x0 binaries/recvclr.o
 .data          0x000000000011ddea        0x0 binaries/recvtime.o
 .data          0x000000000011ddea        0x0 binaries/resched.o
 .data          0x000000000011ddea        0x0 binaries/resume.o
 .data          0x000000000011ddea        0x0 binaries/seek.o
 .data          0x000000000011ddea        0x0 binaries/semcount.o
 .data          0x000000000011ddea        0x0 binaries/semcreate.o
 .data          0x000000000011ddea        0x0 binaries/semdelete.o
 .data          0x000000000011ddea        0x0 binaries/semreset.o
 .data          0x000000000011ddea        0x0 binaries/sendblk.o
 .data          0x000000000011ddea        0x0 binaries/send.o
 .data          0x000000000011ddea        0x0 binaries/signal.o
 .data          0x000000000011ddea        0x0 binaries/signaln.o
 .data          0x000000000011ddea        0x0 binaries/sleep.o
 .data          0x000000000011ddea        0x0 binaries/suspend.o
 .data          0x000000000011ddea        0x0 binaries/unsleep.o
 .data          0x000000000011ddea        0x0 binaries/userret.o
 .data          0x000000000011ddea        0x0 binaries/wait.o
 .data          0x000000000011ddea        0x0 binaries/wakeup.o
 .data          0x000000000011ddea        0x0 binaries/write.o
 .data          0x000000000011ddea        0x0 binaries/xdone.o
 .data          0x000000000011ddea        0x0 binaries/yield.o
 .data          0x000000000011ddea        0x0 binaries/abs.o
 .data          0x000000000011ddea        0x0 binaries/atoi.o
 .data          0x000000000011ddea        0x0 binaries/atol.o
 .data          0x000000000011ddea        0x0 binaries/bzero.o
 .data          0x000000000011ddea        0x0 binaries/ctype_.o
 .data          0x000000000011ddea        0x0 binaries/doprnt.o
 *fill*         0x000000000011ddea       0x16 
 .data          0x000000000011de00       0x80 binaries/doscan.o
                0x000000000011de00                _sctab
 .data          0x000000000011de80        0x0 binaries/fdoprnt.o
 .data          0x000000000011de80        0x0 binaries/fgetc.o
 .data          0x000000000011de80        0x0 binaries/fgets.o
 .data          0x000000000011de80        0x0 binaries/fprintf.o
 .data          0x000000000011de80        0x0 binaries/fputc.o
 .data          0x000000000011de80        0x0 binaries/fputs.o
 .data          0x000000000011de80        0x0 binaries/fscanf.o
 .data          0x000000000011de80        0x0 binaries/getchar.o
 .data          0x000000000011de80        0x0 binaries/labs.o
 .data          0x000000000011de80        0x0 binaries/memchr.o
 .data          0x000000000011de80        0x0 binaries/memcmp.o
 .data          0x000000000011de80        0x0 binaries/memcpy.o
 .data          0x000000000011de80        0x0 binaries/memset.o
 .data          0x000000000011de80        0x0 binaries/printf.o
 .data          0x000000000011de80        0x0 binaries/putchar.o
 .data          0x000000000011de80        0x0 binaries/qsort.o
 .data          0x000000000011de80        0x4 binaries/rand.o
 .data          0x000000000011de84        0x0 binaries/sprintf.o
 .data          0x000000000011de84        0x0 binaries/sscanf.o
 .data          0x000000000011de84        0x0 binaries/strchr.o
 .data          0x000000000011de84        0x0 binaries/strcmp.o
 .data          0x000000000011de84        0x0 binaries/strcpy.o
 .data          0x000000000011de84        0x0 binaries/strlen.o
 .data          0x000000000011de84        0x0 binaries/strncat.o
 .data          0x000000000011de84        0x0 binaries/strncmp.o
 .data          0x000000000011de84        0x0 binaries/strncpy.o
 .data          0x000000000011de84        0x0 binaries/strnlen.o
 .data          0x000000000011de84        0x0 binaries/strrchr.o
 .data          0x000000000011de84        0x0 binaries/strstr.o
 .data          0x000000000011de84        0x0 binaries/ttycontrol.o
 .data          0x000000000011de84        0x0 binaries/ttygetc.o
 .data          0x000000000011de84        0x0 binaries/ttyhandle_in.o
 .data          0x000000000011de84        0x0 binaries/ttyhandle_out.o
 .data          0x000000000011de84        0x0 binaries/ttyhandler.o
 .data          0x000000000011de84        0x0 binaries/ttyinit.o
 .data          0x000000000011de84        0x0 binaries/ttykickout.o
 .data          0x000000000011de84        0x0 binaries/ttyputc.o
 .data          0x000000000011de84        0x0 binaries/ttyread.o
 .data          0x000000000011de84        0x0 binaries/ttywrite.o
 .data          0x000000000011de84        0x0 binaries/mount.o
 .data          0x000000000011de84        0x0 binaries/naminit.o
 .data          0x000000000011de84        0x0 binaries/nammap.o
 .data          0x000000000011de84        0x0 binaries/namopen.o
 .data          0x000000000011de84        0x0 binaries/colon2mac.o
 .data          0x000000000011de84        0x0 binaries/ethcontrol.o
 .data          0x000000000011de84        0x0 binaries/ethhandler.o
 .data          0x000000000011de84        0x0 binaries/ethinit.o
 .data          0x000000000011de84        0x0 binaries/ethmcast.o
 .data          0x000000000011de84        0x0 binaries/ethread.o
 .data          0x000000000011de84        0x0 binaries/ethwrite.o
 .data          0x000000000011de84        0x0 binaries/rdsbufalloc.o
 .data          0x000000000011de84        0x0 binaries/rdsclose.o
 .data          0x000000000011de84        0x0 binaries/rdscomm.o
 .data          0x000000000011de84        0x0 binaries/rdscontrol.o
 .data          0x000000000011de84        0x0 binaries/rdsinit.o
 .data          0x000000000011de84        0x0 binaries/rdsopen.o
 .data          0x000000000011de84        0x0 binaries/rdsprocess.o
 .data          0x000000000011de84        0x0 binaries/rdsread.o
 .data          0x000000000011de84        0x0 binaries/rdswrite.o
 .data          0x000000000011de84        0x0 binaries/ramclose.o
 .data          0x000000000011de84        0x0 binaries/raminit.o
 .data          0x000000000011de84        0x0 binaries/ramopen.o
 .data          0x000000000011de84        0x0 binaries/ramread.o
 .data          0x000000000011de84        0x0 binaries/ramwrite.o
 .data          0x000000000011de84        0x0 binaries/lfdballoc.o
 .data          0x000000000011de84        0x0 binaries/lfdbfree.o
 .data          0x000000000011de84        0x0 binaries/lfflush.o
 .data          0x000000000011de84        0x0 binaries/lfgetmode.o
 .data          0x000000000011de84        0x0 binaries/lfiballoc.o
 .data          0x000000000011de84        0x0 binaries/lfibclear.o
 .data          0x000000000011de84        0x0 binaries/lfibget.o
 .data          0x000000000011de84        0x0 binaries/lfibput.o
 .data          0x000000000011de84        0x0 binaries/lflclose.o
 .data          0x000000000011de84        0x0 binaries/lflcontrol.o
 .data          0x000000000011de84        0x0 binaries/lflgetc.o
 .data          0x000000000011de84        0x0 binaries/lflinit.o
 .data          0x000000000011de84        0x0 binaries/lflputc.o
 .data          0x000000000011de84        0x0 binaries/lflread.o
 .data          0x000000000011de84        0x0 binaries/lflseek.o
 .data          0x000000000011de84        0x0 binaries/lflwrite.o
 .data          0x000000000011de84        0x0 binaries/lfsckfmt.o
 .data          0x000000000011de84        0x0 binaries/lfscreate.o
 .data          0x000000000011de84        0x0 binaries/lfsetup.o
 .data          0x000000000011de84        0x0 binaries/lfsinit.o
 .data          0x000000000011de84        0x0 binaries/lfsopen.o
 .data          0x000000000011de84        0x0 binaries/lftruncate.o
 .data          0x000000000011de84        0x0 binaries/rflclose.o
 .data          0x000000000011de84        0x0 binaries/rflgetc.o
 .data          0x000000000011de84        0x0 binaries/rflinit.o
 .data          0x000000000011de84        0x0 binaries/rflputc.o
 .data          0x000000000011de84        0x0 binaries/rflread.o
 .data          0x000000000011de84        0x0 binaries/rflseek.o
 .data          0x000000000011de84        0x0 binaries/rflwrite.o
 .data          0x000000000011de84        0x0 binaries/rfscomm.o
 .data          0x000000000011de84        0x0 binaries/rfscontrol.o
 .data          0x000000000011de84        0x0 binaries/rfsgetmode.o
 .data          0x000000000011de84        0x0 binaries/rfsinit.o
 .data          0x000000000011de84        0x0 binaries/rfsndmsg.o
 .data          0x000000000011de84        0x0 binaries/rfsopen.o
 .data          0x000000000011de84        0x0 binaries/arp.o
 .data          0x000000000011de84        0x0 binaries/dhcp.o
 .data          0x000000000011de84        0x0 binaries/dot2ip.o
 .data          0x000000000011de84        0x0 binaries/hexdump.o